#./src/main/resources/Entities.map
#Sun Jul 22 01:23:09 CEST 2018
publisher2=837
publisher1=836
comicComicCharacter5=850
comicComicCharacter4=849
comicComicCharacter3=848
comicComicCharacter2=847
comicComicCharacter1=846
comment1User2=826
comment1User1=825
comment3User2=830
comment3User1=829
messageFolder2User3=815
messageFolder2User2=812
messageFolder2User1=809
directMessage2User2ToUser1B=824
directMessage2User2ToUser1A=823
userComic5=855
userComic4=854
userComic3=853
userComic2=852
userComic1=851
comic4=845
comic3=844
comic2=843
comic1=842
directMessage2User1ToUser2B=822
directMessage2User1ToUser2A=821
directMessage1User2ToUser1B=820
directMessage1User2ToUser1A=819
administrator1=804
comment2User2=828
comment2User1=827
userAccount4=803
userAccount3=802
messageFolder1User3=814
user3=807
userAccount2=801
messageFolder1User2=811
user2=806
userAccount1=800
messageFolder1User1=808
user1=805
messageFolder3User3=816
messageFolder3User2=813
messageFolder3User1=810
directMessage1User1ToUser2B=818
directMessage1User1ToUser2A=817
volume6=861
volume5=860
volume4=859
volume3=858
volume2=857
comicCharacter5=835
volume1=856
author4=841
comicCharacter4=834
author3=840
comicCharacter3=833
author2=839
comicCharacter2=832
author1=838
comicCharacter1=831
